../Core/Src/main.c:145:5:main	8	static
../Core/Src/main.c:229:6:SystemClock_Config	88	static
../Core/Src/main.c:277:13:MX_I2C1_Init	8	static
../Core/Src/main.c:325:13:MX_IWDG_Init	8	static
../Core/Src/main.c:354:13:MX_LPUART1_UART_Init	8	static
../Core/Src/main.c:399:13:MX_DMA_Init	16	static
../Core/Src/main.c:421:13:MX_GPIO_Init	48	static
../Core/Src/main.c:468:6:timer_callback	40	static
../Core/Src/main.c:505:6:service_callback	32	static
../Core/Src/main.c:529:6:imu_service_callback	24	static
../Core/Src/main.c:561:6:StartDefaultTask	216	static
../Core/Src/main.c:672:6:HAL_TIM_PeriodElapsedCallback	16	static
../Core/Src/main.c:689:6:Error_Handler	4	static,ignoring_inline_asm
